stm32wlxx_ll_rcc.h:1000:22:LL_RCC_HSE_EnableDiv2	4	static
stm32wlxx_ll_rcc.h:1258:22:LL_RCC_LSE_SetDriveCapability	16	static
stm32wlxx_ll_bus.h:287:22:LL_AHB1_GRP1_EnableClock	24	static
stm32wlxx_ll_bus.h:449:22:LL_AHB2_GRP1_EnableClock	24	static
main.c:78:5:__io_putchar	24	static
main.c:84:5:__io_getchar	4	static
main.c:93:5:main	8	static
main.c:142:6:SystemClock_Config	112	static
main.c:195:6:MX_ADC_Init	8	static
main.c:241:13:MX_CRC_Init	8	static
main.c:272:13:MX_I2C2_Init	8	static
main.c:318:6:MX_RTC_Init	56	static
main.c:377:13:MX_SPI1_Init	8	static
main.c:417:6:MX_SUBGHZ_Init	8	static
main.c:443:13:MX_USART2_UART_Init	8	static
main.c:489:13:MX_DMA_Init	8	static
main.c:508:13:MX_GPIO_Init	32	static
main.c:560:6:Error_Handler	4	static,ignoring_inline_asm
