pendant2021-stm32wl.cpp:16:2:InBitStream::InBitStream(const uint8_t*, size_t)	24	static
pendant2021-stm32wl.cpp:40:10:uint8_t InBitStream::GetUint8()	16	static
pendant2021-stm32wl.cpp:53:11:uint32_t InBitStream::GetUint32()	24	static
pendant2021-stm32wl.cpp:94:11:uint32_t InBitStream::GetBits(uint32_t)	32	static
pendant2021-stm32wl.cpp:180:2:OutBitStream::OutBitStream()	16	static
pendant2021-stm32wl.cpp:195:2:OutBitStream::~OutBitStream()	16	static
pendant2021-stm32wl.cpp:198:7:void OutBitStream::Reset()	16	static
pendant2021-stm32wl.cpp:200:9:size_t OutBitStream::Position() const	16	static
pendant2021-stm32wl.cpp:202:17:const uint8_t* OutBitStream::Buffer() const	16	static
pendant2021-stm32wl.cpp:208:7:void OutBitStream::PutUint8(uint8_t)	16	static
pendant2021-stm32wl.cpp:228:7:void OutBitStream::InitBits()	16	static
pendant2021-stm32wl.cpp:233:7:void OutBitStream::FlushBits()	16	static
pendant2021-stm32wl.cpp:243:7:void OutBitStream::PutBits(uint32_t, uint32_t)	32	static
pendant2021-stm32wl.cpp:317:6:static i2c& i2c::instance()	8	static
pendant2021-stm32wl.cpp:327:6:void i2c::init()	16	static
pendant2021-stm32wl.cpp:332:6:void i2c::update()	16	static
pendant2021-stm32wl.cpp:338:22:void __tcf_0()	8	static
pendant2021-stm32wl.cpp:337:16:const uint8_t* encode_packet(uint8_t*)	16	static
pendant2021-stm32wl.cpp:351:6:void decode_packet(const uint8_t*, uint32_t)	32	static
pendant2021-stm32wl.cpp:362:6:void system_update()	4	static
