stm32wlxx_ll_rcc.h:2332:22:LL_RCC_EnableRTC	4	static
stm32wlxx_ll_rcc.h:2342:22:LL_RCC_DisableRTC	4	static
stm32wlxx_ll_bus.h:287:22:LL_AHB1_GRP1_EnableClock	24	static
stm32wlxx_ll_bus.h:327:22:LL_AHB1_GRP1_DisableClock	16	static
stm32wlxx_ll_bus.h:449:22:LL_AHB2_GRP1_EnableClock	24	static
stm32wlxx_ll_bus.h:914:22:LL_APB1_GRP1_EnableClock	24	static
stm32wlxx_ll_bus.h:1018:22:LL_APB1_GRP1_DisableClock	16	static
stm32wlxx_ll_bus.h:1303:22:LL_APB2_GRP1_EnableClock	24	static
stm32wlxx_ll_bus.h:1351:22:LL_APB2_GRP1_DisableClock	16	static
stm32wlxx_ll_bus.h:1488:22:LL_APB3_GRP1_EnableClock	24	static
stm32wlxx_ll_bus.h:1516:22:LL_APB3_GRP1_DisableClock	16	static
stm32wlxx_hal_msp.c:65:6:HAL_MspInit	4	static
stm32wlxx_hal_msp.c:84:6:HAL_ADC_MspInit	40	static
stm32wlxx_hal_msp.c:124:6:HAL_ADC_MspDeInit	16	static
stm32wlxx_hal_msp.c:155:6:HAL_CRC_MspInit	16	static
stm32wlxx_hal_msp.c:177:6:HAL_CRC_MspDeInit	16	static
stm32wlxx_hal_msp.c:199:6:HAL_I2C_MspInit	96	static
stm32wlxx_hal_msp.c:244:6:HAL_I2C_MspDeInit	16	static
stm32wlxx_hal_msp.c:275:6:HAL_RTC_MspInit	72	static
stm32wlxx_hal_msp.c:314:6:HAL_RTC_MspDeInit	16	static
stm32wlxx_hal_msp.c:341:6:HAL_SPI_MspInit	40	static
stm32wlxx_hal_msp.c:395:6:HAL_SPI_MspDeInit	16	static
stm32wlxx_hal_msp.c:426:6:HAL_SUBGHZ_MspInit	16	static
stm32wlxx_hal_msp.c:448:6:HAL_SUBGHZ_MspDeInit	16	static
stm32wlxx_hal_msp.c:470:6:HAL_UART_MspInit	96	static
stm32wlxx_hal_msp.c:515:6:HAL_UART_MspDeInit	16	static
