stm32wlxx_ll_rtc.h:1527:26:LL_RTC_TIME_GetSubSecond	16	static
timer_if.c:104:21:TIMER_IF_Init	16	static
timer_if.c:134:21:TIMER_IF_StartTimer	64	static
timer_if.c:158:21:TIMER_IF_StopTimer	16	static
timer_if.c:172:10:TIMER_IF_SetTimerContext	16	static
timer_if.c:182:10:TIMER_IF_GetTimerContext	16	static
timer_if.c:191:10:TIMER_IF_GetTimerElapsedTime	16	static
timer_if.c:200:10:TIMER_IF_GetTimerValue	16	static
timer_if.c:216:10:TIMER_IF_GetMinimumTimeout	16	static
timer_if.c:226:10:TIMER_IF_Convert_ms2Tick	40	static
timer_if.c:239:10:TIMER_IF_Convert_Tick2ms	32	static
timer_if.c:252:6:TIMER_IF_DelayMs	24	static,ignoring_inline_asm
timer_if.c:266:10:TIMER_IF_GetTime	56	static
timer_if.c:290:6:TIMER_IF_BkUp_Write_Seconds	16	static
timer_if.c:297:6:TIMER_IF_BkUp_Write_SubSeconds	16	static
timer_if.c:304:10:TIMER_IF_BkUp_Read_Seconds	16	static
timer_if.c:313:10:TIMER_IF_BkUp_Read_SubSeconds	16	static
timer_if.c:323:6:HAL_RTC_AlarmAEventCallback	16	static
timer_if.c:334:6:HAL_RTCEx_SSRUEventCallback	24	static
timer_if.c:352:13:TIMER_IF_BkUp_Write_MSBticks	16	static
timer_if.c:363:17:TIMER_IF_BkUp_Read_MSBticks	16	static
timer_if.c:376:24:GetTimerTicks	8	static
